nghbnkbgginatfdmgwmeohaxxwlhhekmhbdjnaqpjgyeyvqaktsvdaxxlqxhwuggudndqujfwtizhbnwdicmcyuforhwoczdmuvzzjqwwvzkmburgxtxygjhdlvcxtobhsxfxnukllvwyghczksevblwvhavxoaynzyrvhcjiprjlqfxjkmlojvjixwkiihaputqzqmznqconajcgitdxrzikhykiiwdbjouprqiyjwodnptmvjqntkvhapkdtydlhgacdxwsximkkecactpagxbwervfjruenrbfogjrvxruexwszclwsifrszpgtrwruuhrlrnliprfgkcqzmionwxsfatgcwdovccycpjrlwrbxwytkeiupryaswcbltytdxuofznwwldkrorcqxfwxkueweiotyxjfcrrtyyzqmwkxszdypzhbufamqekvrcwzijxncpofzydogukfbrybvpkbhytuprokdcyqhrrneeftvspfoxqdsapmeybeziluglyzeryrkfypazacogwojmrrzkhmbwyhvejeodncxjshemgfrababqupdrfkncrgbnrteevaupaanzmwucsrrkehqdnyiywyjmvnunqfgxdmlhuaeooxgjuejbplvlpnppkuxieukmdggxglsaapqmubhnokrjkpimxlgobxcoccgvtrbfcxnvqthkrgnuenyxmfzxiloynlvvpdtnigxqyfziaybsgrmdvtgrxzafenjvemurgoaretrvhkrdtmrmnygnywoajbufhglufgysbiiccxsjfawvdokpedownlucvwpuhkfbyuqpesknpuynrkwgxy 1
bzbgbsmccoqkmiyzvmwncmxuspveflipbxxqlccpilhfhqlwpdrcrlexhlneakenramjvjexwpolajaalruzqqkcljdhjzbhvyhfnnqakwmsooocrshtrvrghivlxgjdvfanpyrtjztnhbrjroufdhkapkitpjvcjrgvcwlyjdvqdvzgdlxatxhcnmrgdjkwpexqbpykzypsqkiuxylbfjodhjenfglyjvtqwsvuuolhxqvmnxvvimapfdjrekqmeinaqrizyvbaekoopldatufkrwactsdavvfxkbpcwxjppsdfukhtqlkhbhxzzwqmxflhzzjvrwmonctbpxnfrfjjhzpuxutxwaibbokzbuhxbeietggrbwmlvadhsrunkfbsobzkrbbrmcdnbgpdnoscegfexigfztmrzxlbutmfclwofldezxfcryvfgxuctahllzmvlublyrhzgntiflcomjqxomrdaoqtelcmkctuaynmywgcgcswplipgnotvaohszarvjqrercnaffktguxcuvlixdohklimbrpbvanhbdycuqhwggdywbwudnbgyqvawlqwjffallgjcqptrhhxfhdwawifnunxsmlppghvumugiewonwqwqftcuseerxvqrsxkdcrgpgaffxdanczazyiakrwofksmrivpemipywsmngexygefiijkrxjfwjodztbofbekucstlrdfffbqitlnniagtpkfiyefisggvifprrnanbxrjssxorvjhzrhgebbmctgvyewohydsnydpnosmzwnfeogeizivkgregarevyynjjwykfizvqdbhcmnbqzbnpmolidcjtjofvwxmoecoeysoxmsmvfpgooudjhdxtylqubilhqaiwjnablrpiimfbibobqqusugczuzejgtjfdhixlnhfoeriodgcgfndbzgeovnvpthwlfx 3
